{
    "query_type": "SELECT",
    "query_type_props": {},
    "query_fingerprint": "4094ebd230c1d47c7e6879b05ab927e550923b1986eb58c5f3814396cf401d18",
    "in_tables": [
        "urn:li:dataset:(urn:li:dataPlatform:bigquery,invent_dw.UserDetail,PROD)"
    ],
    "out_tables": [],
    "column_lineage": [
        {
            "downstream": {
                "table": null,
                "column": "user_id",
                "column_type": null,
                "native_column_type": null
            },
            "upstreams": [
                {
                    "table": "urn:li:dataset:(urn:li:dataPlatform:bigquery,invent_dw.UserDetail,PROD)",
                    "column": "user_id"
                }
            ]
        },
        {
            "downstream": {
                "table": null,
                "column": "source",
                "column_type": null,
                "native_column_type": null
            },
            "upstreams": [
                {
                    "table": "urn:li:dataset:(urn:li:dataPlatform:bigquery,invent_dw.UserDetail,PROD)",
                    "column": "source"
                }
            ]
        },
        {
            "downstream": {
                "table": null,
                "column": "user_source",
                "column_type": null,
                "native_column_type": null
            },
            "upstreams": [
                {
                    "table": "urn:li:dataset:(urn:li:dataPlatform:bigquery,invent_dw.UserDetail,PROD)",
                    "column": "user_source"
                }
            ]
        }
    ],
    "debug_info": {
        "confidence": 0.2,
        "generalized_statement": "SELECT user_id, source, user_source FROM (SELECT *, ROW_NUMBER() OVER (PARTITION BY user_id ORDER BY __partition_day DESC) AS rank_ FROM invent_dw.UserDetail) AS source_user WHERE rank_ = ?"
    }
}