{
    "query_type": "SELECT",
    "query_type_props": {},
    "query_fingerprint": "1934ea53767f5be081ab4e0bcf9930ecc6d8e46d178187abe335a5de18f0d743",
    "in_tables": [
        "urn:li:dataset:(urn:li:dataPlatform:oracle,table1,PROD)",
        "urn:li:dataset:(urn:li:dataPlatform:oracle,table2,PROD)"
    ],
    "out_tables": [],
    "column_lineage": [
        {
            "downstream": {
                "table": null,
                "column": "col1",
                "column_type": null,
                "native_column_type": null
            },
            "upstreams": [
                {
                    "table": "urn:li:dataset:(urn:li:dataPlatform:oracle,table1,PROD)",
                    "column": "col1"
                }
            ]
        },
        {
            "downstream": {
                "table": null,
                "column": "col3",
                "column_type": null,
                "native_column_type": null
            },
            "upstreams": [
                {
                    "table": "urn:li:dataset:(urn:li:dataPlatform:oracle,table2,PROD)",
                    "column": "col3"
                }
            ]
        }
    ],
    "debug_info": {
        "confidence": 0.2,
        "generalized_statement": "WITH cte1 AS (SELECT col1, col2 FROM table1 WHERE col1 = ? GROUP BY ?, ?), cte2 AS (SELECT col3, col4 FROM table2 WHERE col2 = ? GROUP BY col3, col4) SELECT cte1.col1, cte2.col3 FROM cte1 JOIN cte2 ON cte1.col2 = cte2.col4"
    }
}