[
{
    "entityType": "dataJob",
    "entityUrn": "urn:li:dataJob:(urn:li:dataFlow:(mssql,DemoData.Foo.stored_procedures,PROD),NewProc)",
    "changeType": "UPSERT",
    "aspectName": "dataJobInputOutput",
    "aspect": {
        "json": {
            "inputDatasets": [
                "urn:li:dataset:(urn:li:dataPlatform:mssql,demodata.foo.persons,PROD)",
                "urn:li:dataset:(urn:li:dataPlatform:mssql,demodata.foo.salesreason,PROD)",
                "urn:li:dataset:(urn:li:dataPlatform:mssql,newdata.foonew.personsnew,PROD)"
            ],
            "outputDatasets": [
                "urn:li:dataset:(urn:li:dataPlatform:mssql,demodata.foo.age_dist,PROD)",
                "urn:li:dataset:(urn:li:dataPlatform:mssql,demodata.foo.items,PROD)",
                "urn:li:dataset:(urn:li:dataPlatform:mssql,demodata.foo.persons,PROD)"
            ],
            "fineGrainedLineages": [
                {
                    "upstreamType": "FIELD_SET",
                    "upstreams": [
                        "urn:li:schemaField:(urn:li:dataset:(urn:li:dataPlatform:mssql,demodata.foo.persons,PROD),age)"
                    ],
                    "downstreamType": "FIELD",
                    "downstreams": [
                        "urn:li:schemaField:(urn:li:dataset:(urn:li:dataPlatform:mssql,demodata.foo.age_dist,PROD),age)"
                    ],
                    "confidenceScore": 0.2
                },
                {
                    "upstreamType": "FIELD_SET",
                    "upstreams": [
                        "urn:li:schemaField:(urn:li:dataset:(urn:li:dataPlatform:mssql,demodata.foo.salesreason,PROD),tempid)"
                    ],
                    "downstreamType": "FIELD",
                    "downstreams": [
                        "urn:li:schemaField:(urn:li:dataset:(urn:li:dataPlatform:mssql,demodata.foo.items,PROD),tempid)"
                    ],
                    "confidenceScore": 0.2
                },
                {
                    "upstreamType": "FIELD_SET",
                    "upstreams": [
                        "urn:li:schemaField:(urn:li:dataset:(urn:li:dataPlatform:mssql,demodata.foo.salesreason,PROD),name)"
                    ],
                    "downstreamType": "FIELD",
                    "downstreams": [
                        "urn:li:schemaField:(urn:li:dataset:(urn:li:dataPlatform:mssql,demodata.foo.items,PROD),name)"
                    ],
                    "confidenceScore": 0.2
                }
            ]
        }
    }
}
]